producer_class	xtools.gsea.GseaPreranked
producer_timestamp	1773003333293
param	rpt_label	A2_GSEA
param	rnd_seed	12345
param	set_min	15
param	zip_report	false
param	create_svgs	false
param	scoring_scheme	weighted
param	rnk	/home/rstudio/projects/gene_ranks.rnk
param	norm	meandiv
param	out	/home/rstudio/projects/GSEA_results
param	mode	Max_probe
param	include_only_symbols	true
param	help	false
param	set_max	100
param	gmx	Human_GOBP_AllPathways_noPFOCR_no_GO_iea_September_01_2025_symbol.gmt
param	make_sets	true
param	plot_top_x	20
param	gui	false
param	nperm	1000
param	collapse	No_Collapse

file	/home/rstudio/projects/GSEA_results/A2_GSEA.GseaPreranked.1773003333293/index.html
